// Jest Snapshot v1, https://goo.gl/fbAQLP

exports[`App is a valid component 1`] = `
<div>
  <div>
    <p>not registred</p> <button>Login</button>
  </div>
  <nav>
    <ul>
      <li><a href="#/blogs" class="router-link">List Blogs</a></li>
      <li><a href="#/blogs/new" class="router-link">Create Blog</a></li>
    </ul>
  </nav>
  <!---->
  <modal-stub name="modal" width="300" height="300"><b></b></modal-stub>
</div>
`;
