// Jest Snapshot v1, https://goo.gl/fbAQLP

exports[`ListBlog.vue render blogs 1`] = `
<div>
  <p>List Blogs</p>
  <table>
    <thead>
      <tr>
        <th>id</th>
        <th>name</th>
        <th>private</th>
        <th>show</th>
      </tr>
    </thead>
    <tbody>
      <tr>
        <td>1</td>
        <td>mockName1</td>
        <td>true</td> <button class="ListBlog__showBlog-button-js">Show</button>
      </tr>
      <tr>
        <td>2</td>
        <td>mockName2</td>
        <td>false</td> <button class="ListBlog__showBlog-button-js">Show</button>
      </tr>
    </tbody>
  </table> <button class="ListBlog__createBlog-button-js">Create</button>
</div>
`;
